PDF   28p  25262ch Lab测验/2025Lab测验-无答案.pdf
PDF   13p  14856ch 期中/2012期中-带答案.pdf
PDF   13p  14443ch 期中/2013期中-带答案.pdf
PDF   18p  44228ch 期中/2014期中-带答案.pdf
PDF   20p  11735ch 期中/2015期中-带答案.pdf
PDF   16p  10101ch 期中/2016期中-带答案.pdf
PDF   13p  10517ch 期中/2017期中-带答案.pdf
PDF   21p  13402ch 期中/2018期中-带答案.pdf
PDF   22p  18196ch 期中/2019期中-带答案.pdf
PDF   16p  11621ch 期中/2020期中-带答案.pdf
PDF   14p   8701ch 期中/2020期中-无答案.pdf
PDF   26p  17190ch 期中/2021期中-带答案.pdf
PDF   19p  13121ch 期中/2021期中-无答案.pdf
PDF   20p  15593ch 期中/2022期中-带答案.pdf
PDF   15p  10427ch 期中/2022期中-无答案.pdf
PDF   23p  15463ch 期中/2023期中-带答案.pdf
PDF   18p  12175ch 期中/2023期中-无答案.pdf
PDF   23p  17024ch 期中/2024期中-带答案.pdf
PDF   17p  11591ch 期中/2024期中-无答案.pdf
PDF    2p    744ch 期中/2024期中-试题及答案勘误.pdf
PDF   22p  15674ch 期末/2013期末-带答案.pdf
PDF   27p  19612ch 期末/2014期末-带答案.pdf
PDF   20p  11744ch 期末/2015期末-20151109-带答案.pdf
PDF   28p  13705ch 期末/2015期末-20160104-带答案.pdf
PDF   21p  10670ch 期末/2015期末-20160104-无答案.pdf
PDF   26p  18922ch 期末/2016期末-带答案.pdf
PDF   22p  16032ch 期末/2016期末-无答案.pdf
PDF   21p  14714ch 期末/2017期末-无答案.pdf
PDF   31p  23146ch 期末/2018期末-带答案.pdf
PDF    8p   7911ch 期末/2019、2020期末-答案解析.pdf
PDF   16p  14910ch 期末/2019期末-无答案.pdf
PDF   16p  16852ch 期末/2020期末-无答案.pdf
PDF   20p  19773ch 期末/2021期末-无答案.pdf
PDF   15p      0ch  [SCAN] 期末/2022期末-无答案.pdf
PDF    3p   1953ch 期末/2022期末-答案.pdf
PDF   34p  25486ch 期末/2024期末-带答案.pdf
PDF   26p  19230ch 期末/2024期末-无答案.pdf
PDF    5p   4685ch 期末/2025期末-带答案.pdf
PDF   14p  13929ch 期末/2025期末-无答案.pdf
PDF   10p   6704ch 阶段测验/2025第1次阶段测验-带答案.pdf
PDF   10p   6186ch 阶段测验/2025第1次阶段测验-无答案.pdf
PDF   11p   7539ch 阶段测验/2025第2次阶段测验-带答案.pdf
PDF   10p   5752ch 阶段测验/2025第2次阶段测验-无答案.pdf
DOCX 期末/2021期末-带答案/chap 10 解析.docx
DOCX 期末/2021期末-带答案/chap 11-12 解析.docx
DOCX 期末/2021期末-带答案/chap 11-12 题目.docx
DOCX 期末/2021期末-带答案/chap 2-6 解析.docx
DOCX 期末/2021期末-带答案/chap 7 解析.docx
DOCX 期末/2021期末-带答案/chap 8 解析.docx
DOCX 期末/2021期末-带答案/chap 9 解析.docx
DOCX 期末/2021期末-带答案/chap 9 题目.docx

DONE 51 files
